// Jest Snapshot v1, https://goo.gl/fbAQLP

exports[`conversion createImageImport -> createImageImport 1`] = `"import img1 from './image.img1.jpg';import img2 from './image.img2.jpg';import img3 from './image.img3.jpg';import img4 from './image.img4.jpg';import img5 from './image.img5.jpg'"`;
